{
  "version": "1.5.0",
  "plugins_used": [
    {
      "name": "ArtifactoryDetector"
    },
    {
      "name": "AWSKeyDetector"
    },
    {
      "name": "AzureStorageKeyDetector"
    },
    {
      "name": "Base64HighEntropyString",
      "limit": 4.5
    },
    {
      "name": "BasicAuthDetector"
    },
    {
      "name": "CloudantDetector"
    },
    {
      "name": "DiscordBotTokenDetector"
    },
    {
      "name": "GitHubTokenDetector"
    },
    {
      "name": "GitLabTokenDetector"
    },
    {
      "name": "HexHighEntropyString",
      "limit": 3.0
    },
    {
      "name": "IbmCloudIamDetector"
    },
    {
      "name": "IbmCosHmacDetector"
    },
    {
      "name": "IPPublicDetector"
    },
    {
      "name": "JwtTokenDetector"
    },
    {
      "name": "KeywordDetector",
      "keyword_exclude": ""
    },
    {
      "name": "MailchimpDetector"
    },
    {
      "name": "NpmDetector"
    },
    {
      "name": "OpenAIDetector"
    },
    {
      "name": "PrivateKeyDetector"
    },
    {
      "name": "PypiTokenDetector"
    },
    {
      "name": "SendGridDetector"
    },
    {
      "name": "SlackDetector"
    },
    {
      "name": "SoftlayerDetector"
    },
    {
      "name": "SquareOAuthDetector"
    },
    {
      "name": "StripeDetector"
    },
    {
      "name": "TelegramBotTokenDetector"
    },
    {
      "name": "TwilioKeyDetector"
    }
  ],
  "filters_used": [
    {
      "path": "detect_secrets.filters.allowlist.is_line_allowlisted"
    },
    {
      "path": "detect_secrets.filters.common.is_ignored_due_to_verification_policies",
      "min_level": 2
    },
    {
      "path": "detect_secrets.filters.heuristic.is_indirect_reference"
    },
    {
      "path": "detect_secrets.filters.heuristic.is_likely_id_string"
    },
    {
      "path": "detect_secrets.filters.heuristic.is_lock_file"
    },
    {
      "path": "detect_secrets.filters.heuristic.is_not_alphanumeric_string"
    },
    {
      "path": "detect_secrets.filters.heuristic.is_potential_uuid"
    },
    {
      "path": "detect_secrets.filters.heuristic.is_prefixed_with_dollar_sign"
    },
    {
      "path": "detect_secrets.filters.heuristic.is_sequential_string"
    },
    {
      "path": "detect_secrets.filters.heuristic.is_swagger_file"
    },
    {
      "path": "detect_secrets.filters.heuristic.is_templated_secret"
    }
  ],
  "results": {
    "STATE.yaml": [
      {
        "type": "Hex High Entropy String",
        "filename": "STATE.yaml",
        "hashed_secret": "194d1deb28979a1e6b53294d5f26db1e02529680",
        "is_verified": false,
        "line_number": 15
      },
      {
        "type": "Hex High Entropy String",
        "filename": "STATE.yaml",
        "hashed_secret": "32f2d5fde5bbb3432cd149970442bf22c9557eef",
        "is_verified": false,
        "line_number": 18
      }
    ],
    "env/manifest.yaml": [
      {
        "type": "Hex High Entropy String",
        "filename": "env/manifest.yaml",
        "hashed_secret": "194d1deb28979a1e6b53294d5f26db1e02529680",
        "is_verified": false,
        "line_number": 27
      }
    ],
    "evidence/prosecutor-skill-2026-09-11/references/full-ledger-classifier-and-precondition-pattern.md": [
      {
        "type": "Base64 High Entropy String",
        "filename": "evidence/prosecutor-skill-2026-09-11/references/full-ledger-classifier-and-precondition-pattern.md",
        "hashed_secret": "f17b017786e2068cd2437318e76dbe69cd4d8d60",
        "is_verified": false,
        "line_number": 37
      }
    ],
    "evidence/prosecutor-snapshot-2026-09-10/references/full-ledger-classifier-and-precondition-pattern.md": [
      {
        "type": "Base64 High Entropy String",
        "filename": "evidence/prosecutor-snapshot-2026-09-10/references/full-ledger-classifier-and-precondition-pattern.md",
        "hashed_secret": "f17b017786e2068cd2437318e76dbe69cd4d8d60",
        "is_verified": false,
        "line_number": 37
      }
    ],
    "injections-k1a/k1-1/n-both-crlf/anchor.txt": [
      {
        "type": "Hex High Entropy String",
        "filename": "injections-k1a/k1-1/n-both-crlf/anchor.txt",
        "hashed_secret": "6b57a42ca01c7181231e4808635c582cdd986500",
        "is_verified": false,
        "line_number": 1
      }
    ],
    "injections-k1a/k1-1/n-derived-flattened/anchor.txt": [
      {
        "type": "Hex High Entropy String",
        "filename": "injections-k1a/k1-1/n-derived-flattened/anchor.txt",
        "hashed_secret": "6b57a42ca01c7181231e4808635c582cdd986500",
        "is_verified": false,
        "line_number": 1
      }
    ],
    "injections-k1a/k1-1/n-exact/anchor.txt": [
      {
        "type": "Hex High Entropy String",
        "filename": "injections-k1a/k1-1/n-exact/anchor.txt",
        "hashed_secret": "6b57a42ca01c7181231e4808635c582cdd986500",
        "is_verified": false,
        "line_number": 1
      }
    ],
    "injections-k1a/k1-1/p-condensed/anchor.txt": [
      {
        "type": "Hex High Entropy String",
        "filename": "injections-k1a/k1-1/p-condensed/anchor.txt",
        "hashed_secret": "6b57a42ca01c7181231e4808635c582cdd986500",
        "is_verified": false,
        "line_number": 1
      }
    ],
    "injections-k1a/k1-1/p-crlf/anchor.txt": [
      {
        "type": "Hex High Entropy String",
        "filename": "injections-k1a/k1-1/p-crlf/anchor.txt",
        "hashed_secret": "6b57a42ca01c7181231e4808635c582cdd986500",
        "is_verified": false,
        "line_number": 1
      }
    ],
    "injections-k1a/k1-1/p-indent-flattened/anchor.txt": [
      {
        "type": "Hex High Entropy String",
        "filename": "injections-k1a/k1-1/p-indent-flattened/anchor.txt",
        "hashed_secret": "6b57a42ca01c7181231e4808635c582cdd986500",
        "is_verified": false,
        "line_number": 1
      }
    ],
    "injections-k1a/k1-1/p-line-omitted/anchor.txt": [
      {
        "type": "Hex High Entropy String",
        "filename": "injections-k1a/k1-1/p-line-omitted/anchor.txt",
        "hashed_secret": "6b57a42ca01c7181231e4808635c582cdd986500",
        "is_verified": false,
        "line_number": 1
      }
    ],
    "injections-k1a/k1-1/p-lines-reordered/anchor.txt": [
      {
        "type": "Hex High Entropy String",
        "filename": "injections-k1a/k1-1/p-lines-reordered/anchor.txt",
        "hashed_secret": "6b57a42ca01c7181231e4808635c582cdd986500",
        "is_verified": false,
        "line_number": 1
      }
    ],
    "injections-k1a/k1-1/p-one-char-changed/anchor.txt": [
      {
        "type": "Hex High Entropy String",
        "filename": "injections-k1a/k1-1/p-one-char-changed/anchor.txt",
        "hashed_secret": "6b57a42ca01c7181231e4808635c582cdd986500",
        "is_verified": false,
        "line_number": 1
      }
    ],
    "injections-k1a/k1-1/p-spaces-collapsed/anchor.txt": [
      {
        "type": "Hex High Entropy String",
        "filename": "injections-k1a/k1-1/p-spaces-collapsed/anchor.txt",
        "hashed_secret": "6b57a42ca01c7181231e4808635c582cdd986500",
        "is_verified": false,
        "line_number": 1
      }
    ],
    "injections-k1a/k1-1/p-stray-line-inside/anchor.txt": [
      {
        "type": "Hex High Entropy String",
        "filename": "injections-k1a/k1-1/p-stray-line-inside/anchor.txt",
        "hashed_secret": "6b57a42ca01c7181231e4808635c582cdd986500",
        "is_verified": false,
        "line_number": 1
      }
    ],
    "injections-k1a/k1-1/p-trailing-newline-dropped/anchor.txt": [
      {
        "type": "Hex High Entropy String",
        "filename": "injections-k1a/k1-1/p-trailing-newline-dropped/anchor.txt",
        "hashed_secret": "6b57a42ca01c7181231e4808635c582cdd986500",
        "is_verified": false,
        "line_number": 1
      }
    ],
    "injections-k1a/k1-1/p-verbatim-claim-wrong-revision/anchor.txt": [
      {
        "type": "Hex High Entropy String",
        "filename": "injections-k1a/k1-1/p-verbatim-claim-wrong-revision/anchor.txt",
        "hashed_secret": "6b57a42ca01c7181231e4808635c582cdd986500",
        "is_verified": false,
        "line_number": 1
      }
    ],
    "injections/k1-1/neg-01/anchor.txt": [
      {
        "type": "Hex High Entropy String",
        "filename": "injections/k1-1/neg-01/anchor.txt",
        "hashed_secret": "6b57a42ca01c7181231e4808635c582cdd986500",
        "is_verified": false,
        "line_number": 1
      }
    ],
    "injections/k1-1/neg-02/anchor.txt": [
      {
        "type": "Hex High Entropy String",
        "filename": "injections/k1-1/neg-02/anchor.txt",
        "hashed_secret": "6b57a42ca01c7181231e4808635c582cdd986500",
        "is_verified": false,
        "line_number": 1
      }
    ],
    "injections/k1-1/neg-03/anchor.txt": [
      {
        "type": "Hex High Entropy String",
        "filename": "injections/k1-1/neg-03/anchor.txt",
        "hashed_secret": "6b57a42ca01c7181231e4808635c582cdd986500",
        "is_verified": false,
        "line_number": 1
      }
    ],
    "injections/k1-1/neg-04/anchor.txt": [
      {
        "type": "Hex High Entropy String",
        "filename": "injections/k1-1/neg-04/anchor.txt",
        "hashed_secret": "6b57a42ca01c7181231e4808635c582cdd986500",
        "is_verified": false,
        "line_number": 1
      }
    ],
    "injections/k1-1/neg-05/anchor.txt": [
      {
        "type": "Hex High Entropy String",
        "filename": "injections/k1-1/neg-05/anchor.txt",
        "hashed_secret": "6b57a42ca01c7181231e4808635c582cdd986500",
        "is_verified": false,
        "line_number": 1
      }
    ],
    "injections/k1-1/neg-06/anchor.txt": [
      {
        "type": "Hex High Entropy String",
        "filename": "injections/k1-1/neg-06/anchor.txt",
        "hashed_secret": "6b57a42ca01c7181231e4808635c582cdd986500",
        "is_verified": false,
        "line_number": 1
      }
    ],
    "injections/k1-1/neg-07/anchor.txt": [
      {
        "type": "Hex High Entropy String",
        "filename": "injections/k1-1/neg-07/anchor.txt",
        "hashed_secret": "6b57a42ca01c7181231e4808635c582cdd986500",
        "is_verified": false,
        "line_number": 1
      }
    ],
    "injections/k1-1/neg-08/anchor.txt": [
      {
        "type": "Hex High Entropy String",
        "filename": "injections/k1-1/neg-08/anchor.txt",
        "hashed_secret": "6b57a42ca01c7181231e4808635c582cdd986500",
        "is_verified": false,
        "line_number": 1
      }
    ],
    "injections/k1-1/neg-09/anchor.txt": [
      {
        "type": "Hex High Entropy String",
        "filename": "injections/k1-1/neg-09/anchor.txt",
        "hashed_secret": "6b57a42ca01c7181231e4808635c582cdd986500",
        "is_verified": false,
        "line_number": 1
      }
    ],
    "injections/k1-1/neg-10/anchor.txt": [
      {
        "type": "Hex High Entropy String",
        "filename": "injections/k1-1/neg-10/anchor.txt",
        "hashed_secret": "6b57a42ca01c7181231e4808635c582cdd986500",
        "is_verified": false,
        "line_number": 1
      }
    ],
    "injections/k1-1/pos-01/anchor.txt": [
      {
        "type": "Hex High Entropy String",
        "filename": "injections/k1-1/pos-01/anchor.txt",
        "hashed_secret": "6b57a42ca01c7181231e4808635c582cdd986500",
        "is_verified": false,
        "line_number": 1
      }
    ],
    "injections/k1-1/pos-02/anchor.txt": [
      {
        "type": "Hex High Entropy String",
        "filename": "injections/k1-1/pos-02/anchor.txt",
        "hashed_secret": "6b57a42ca01c7181231e4808635c582cdd986500",
        "is_verified": false,
        "line_number": 1
      }
    ],
    "injections/k1-1/pos-03/anchor.txt": [
      {
        "type": "Hex High Entropy String",
        "filename": "injections/k1-1/pos-03/anchor.txt",
        "hashed_secret": "6b57a42ca01c7181231e4808635c582cdd986500",
        "is_verified": false,
        "line_number": 1
      }
    ],
    "injections/k1-1/pos-04/anchor.txt": [
      {
        "type": "Hex High Entropy String",
        "filename": "injections/k1-1/pos-04/anchor.txt",
        "hashed_secret": "6b57a42ca01c7181231e4808635c582cdd986500",
        "is_verified": false,
        "line_number": 1
      }
    ],
    "injections/k1-1/pos-05/anchor.txt": [
      {
        "type": "Hex High Entropy String",
        "filename": "injections/k1-1/pos-05/anchor.txt",
        "hashed_secret": "6b57a42ca01c7181231e4808635c582cdd986500",
        "is_verified": false,
        "line_number": 1
      }
    ],
    "injections/k1-1/pos-06/anchor.txt": [
      {
        "type": "Hex High Entropy String",
        "filename": "injections/k1-1/pos-06/anchor.txt",
        "hashed_secret": "6b57a42ca01c7181231e4808635c582cdd986500",
        "is_verified": false,
        "line_number": 1
      }
    ],
    "injections/k1-1/pos-07/anchor.txt": [
      {
        "type": "Hex High Entropy String",
        "filename": "injections/k1-1/pos-07/anchor.txt",
        "hashed_secret": "6b57a42ca01c7181231e4808635c582cdd986500",
        "is_verified": false,
        "line_number": 1
      }
    ],
    "injections/k1-1/pos-08/anchor.txt": [
      {
        "type": "Hex High Entropy String",
        "filename": "injections/k1-1/pos-08/anchor.txt",
        "hashed_secret": "6b57a42ca01c7181231e4808635c582cdd986500",
        "is_verified": false,
        "line_number": 1
      }
    ],
    "injections/k1-1/pos-09/anchor.txt": [
      {
        "type": "Hex High Entropy String",
        "filename": "injections/k1-1/pos-09/anchor.txt",
        "hashed_secret": "6b57a42ca01c7181231e4808635c582cdd986500",
        "is_verified": false,
        "line_number": 1
      }
    ],
    "injections/k1-1/pos-10/anchor.txt": [
      {
        "type": "Hex High Entropy String",
        "filename": "injections/k1-1/pos-10/anchor.txt",
        "hashed_secret": "6b57a42ca01c7181231e4808635c582cdd986500",
        "is_verified": false,
        "line_number": 1
      }
    ],
    "injections/k1-4/neg-01.md": [
      {
        "type": "Hex High Entropy String",
        "filename": "injections/k1-4/neg-01.md",
        "hashed_secret": "0185b4945d5eb7a498da1e0a2e9c41ae347d3065",
        "is_verified": false,
        "line_number": 3
      }
    ],
    "injections/k1-4/neg-02.md": [
      {
        "type": "Hex High Entropy String",
        "filename": "injections/k1-4/neg-02.md",
        "hashed_secret": "54f09d3c9ed5f47be24b171482bb15a70d3af42b",
        "is_verified": false,
        "line_number": 3
      }
    ],
    "injections/k1-4/neg-06.md": [
      {
        "type": "Hex High Entropy String",
        "filename": "injections/k1-4/neg-06.md",
        "hashed_secret": "346d395c115685a16c39e64982600ffe76ca1459",
        "is_verified": false,
        "line_number": 5
      }
    ],
    "injections/k1-4/pos-01.md": [
      {
        "type": "Hex High Entropy String",
        "filename": "injections/k1-4/pos-01.md",
        "hashed_secret": "346d395c115685a16c39e64982600ffe76ca1459",
        "is_verified": false,
        "line_number": 3
      }
    ],
    "injections/k1-4/pos-02.md": [
      {
        "type": "Hex High Entropy String",
        "filename": "injections/k1-4/pos-02.md",
        "hashed_secret": "34578444cd1b0c099aa408fc0e63e5d0ca80cf37",
        "is_verified": false,
        "line_number": 3
      }
    ],
    "injections/k1-4/pos-03.md": [
      {
        "type": "Hex High Entropy String",
        "filename": "injections/k1-4/pos-03.md",
        "hashed_secret": "f6cd73f8f9ccf141623c10418458dc90d83e9c82",
        "is_verified": false,
        "line_number": 3
      }
    ],
    "injections/k1-4/pos-04.md": [
      {
        "type": "Hex High Entropy String",
        "filename": "injections/k1-4/pos-04.md",
        "hashed_secret": "05b0723a70b1c4e1e9d88874c65bd989186f651b",
        "is_verified": false,
        "line_number": 3
      }
    ],
    "injections/k1-4/pos-07.md": [
      {
        "type": "Hex High Entropy String",
        "filename": "injections/k1-4/pos-07.md",
        "hashed_secret": "07ccb3f2ea6be39f347cc593037fcbde8945fe7b",
        "is_verified": false,
        "line_number": 3
      }
    ],
    "injections/k1-4/pos-10.md": [
      {
        "type": "Hex High Entropy String",
        "filename": "injections/k1-4/pos-10.md",
        "hashed_secret": "9d045455dd2896a4c9da6792f010e7ebb0901759",
        "is_verified": false,
        "line_number": 3
      }
    ],
    "ledger/0000-genesis.yaml": [
      {
        "type": "Hex High Entropy String",
        "filename": "ledger/0000-genesis.yaml",
        "hashed_secret": "d3be8a591a998bb410e622ca794fda05f3c9d7f5",
        "is_verified": false,
        "line_number": 3
      },
      {
        "type": "Hex High Entropy String",
        "filename": "ledger/0000-genesis.yaml",
        "hashed_secret": "ff17609440e2e68a656d61a67714a0cbb12eb83f",
        "is_verified": false,
        "line_number": 5
      },
      {
        "type": "Hex High Entropy String",
        "filename": "ledger/0000-genesis.yaml",
        "hashed_secret": "2db2751c7f23db986789a67929f4e85b97d18183",
        "is_verified": false,
        "line_number": 6
      },
      {
        "type": "Hex High Entropy String",
        "filename": "ledger/0000-genesis.yaml",
        "hashed_secret": "da47c45260ff4bdab6324069707515bfc2adf2d1",
        "is_verified": false,
        "line_number": 7
      },
      {
        "type": "Hex High Entropy String",
        "filename": "ledger/0000-genesis.yaml",
        "hashed_secret": "ec17bffa2a08500da92fce6a7faa1a549b5cb0ed",
        "is_verified": false,
        "line_number": 8
      }
    ],
    "work/k1a-holdout-2026-09-12.txt": [
      {
        "type": "Hex High Entropy String",
        "filename": "work/k1a-holdout-2026-09-12.txt",
        "hashed_secret": "0aa5ceb46592866080410d08a4d74ee8ad631a79",
        "is_verified": false,
        "line_number": 13
      }
    ],
    "work/k1a-retro-2026-09-12.json": [
      {
        "type": "Hex High Entropy String",
        "filename": "work/k1a-retro-2026-09-12.json",
        "hashed_secret": "e923eadf211c392e2b3590b96a3121a6f1a4ef4a",
        "is_verified": false,
        "line_number": 2
      }
    ],
    "work/k1a-run-injections-2026-09-12.json": [
      {
        "type": "Hex High Entropy String",
        "filename": "work/k1a-run-injections-2026-09-12.json",
        "hashed_secret": "f171778f16ff418a7eba7ac2e2cfda99889d2111",
        "is_verified": false,
        "line_number": 2
      }
    ]
  },
  "generated_at": "2026-09-13T18:58:32Z"
}
